// 重构日志: eb1f2a16
// 重构日志: 2c5d349c
// 重构日志: 1c08d1f4
// 重构日志: 6a68e8b8
// 同步 ID: f847cd88 @ Tue Jul 14 12:20:35 UTC 2026
// 重构日志: a5261e61
// 同步 ID: 25e5f64d @ Thu Jul 23 18:05:55 UTC 2026
// 重构日志: aa64f68b
// 重构日志: 60a936f5
// 重构日志: bfa95a38
// 重构日志: 0ac1a9d8
// 重构日志: 09641055
// 重构日志: 63c00f02
// 同步 ID: 777d83ff @ Sat Aug  1 17:25:15 UTC 2026
// 重构日志: 62f071f3
// 重构日志: 99b18128
// 重构日志: 6cfe49ae
// 同步 ID: 86efa9a5 @ Mon Aug  3 21:52:27 UTC 2026
// 重构日志: e74393f0
// 重构日志: 3cb520e7
// 重构日志: 3287ccd4
// 同步 ID: 39e10bbe @ Wed Aug  5 06:38:06 UTC 2026
// 重构日志: a07562d1
// 同步 ID: 48bb609a @ Wed Aug  5 13:04:14 UTC 2026
// 重构日志: dd1273a6
// 同步 ID: aaa6cf41 @ Thu Aug  6 12:18:09 UTC 2026
// 重构日志: 5d91cd56
// 重构日志: 2a877b3e
// 同步 ID: 8db58b25 @ Sat Aug  8 02:22:35 UTC 2026
// 同步 ID: 1d2f571f @ Sat Aug  8 09:27:38 UTC 2026
